// Jest Snapshot v1, https://goo.gl/fbAQLP

exports[`GifItem Test should be the same as the snapshot 1`] = `
<div>
  <div
    class="card"
  >
    <img
      alt="titulo"
      src="https://localhost/image.jpg"
    />
    <p>
      titulo
    </p>
  </div>
</div>
`;
